<html>
<body>
<pre>
<h1>礦ision Build Log</h1>
<h2>Project:</h2>
C:\Users\zhaoyuanxu\Documents\Tencent Files\1181662456\FileRecv\Robogame_Code2.0\Robogame_Code(爪子与步进电机\Robogame_Code(爪子与步进电机\USER\PWM.uvproj
Project File Date:  09/23/2018

<h2>Output:</h2>
Build target 'PWM'
compiling main.c...
..\HARDWARE\TIMER\timer.h(16): warning:  #1-D: last line of file ends without a newline
  #endif
..\HARDWARE\HCSR04\hcsr04.h(10): warning:  #1295-D: Deprecated declaration Hcsr04Init - give arg types
  void Hcsr04Init();
..\HARDWARE\HCSR04\hcsr04.h(11): warning:  #1295-D: Deprecated declaration hcsr04_NVIC - give arg types
  void hcsr04_NVIC();
..\HARDWARE\HCSR04\hcsr04.h(16): warning:  #1-D: last line of file ends without a newline
  #endif
..\HARDWARE\GRUB\grub.h(10): warning:  #1295-D: Deprecated declaration grub_init - give arg types
  void grub_init();
..\HARDWARE\GRUB\grub.h(15): warning:  #1-D: last line of file ends without a newline
  #endif
..\HARDWARE\CAPSTAN\capstan.h(13): warning:  #1-D: last line of file ends without a newline
  #endif
..\HARDWARE\RFID\rfid.h(16): warning:  #1-D: last line of file ends without a newline
  #endif
..\SYSTEM\uart6\uart6.h(16): warning:  #1-D: last line of file ends without a newline
  #endif
main.c(18): warning:  #177-D: variable "distance" was declared but never referenced
        float distance=0;
main.c: 10 warnings, 0 errors
linking...
Program Size: Code=14462 RO-data=446 RW-data=160 ZI-data=2080  
FromELF: creating hex file...
"..\OBJ\PWM.axf" - 0 Error(s), 10 Warning(s).
Load "..\\OBJ\\PWM.axf" 
Set JLink Project File to "C:\Users\zhaoyuanxu\Documents\Tencent Files\1181662456\FileRecv\Robogame_Code2.0\Robogame_Code(爪子与步进电机\Robogame_Code(爪子与步进电机\USER\JLinkSettings.ini"
* JLink Info: Device "STM32F407ZG" selected (1024 KB flash, 128 KB RAM).
 
JLink info:
------------
DLL: V4.80g, compiled Feb 13 2014 20:50:02
Firmware: J-Link ARM V8 compiled Nov 28 2014 13:44:46
Hardware: V8.00
S/N : 805251123 
Feature(s) : RDI,FlashDL,FlashBP,JFlash,GDB 
 
* JLink Info: Found SWD-DP with ID 0x2BA01477
* JLink Info: Found SWD-DP with ID 0x2BA01477
* JLink Info: Found Cortex-M4 r0p1, Little endian.
* JLink Info: FPUnit: 6 code (BP) slots and 2 literal slots
* JLink Info: TPIU fitted.
* JLink Info: ETM fitted.
ROMTableAddr = 0xE00FF003
 
Target info:
------------
Device: STM32F407ZG
VTarget = 3.306V
State of Pins: 
TCK: 0, TDI: 1, TDO: 1, TMS: 1, TRES: 1, TRST: 1
Hardware-Breakpoints: 6
Software-Breakpoints: 8192
Watchpoints:          4
JTAG speed: 4000 kHz
 
Erase Done.
Programming Done.
Verify OK.
Application running ...
</pre>
</body>
</html>
h ID 0x2BA01477
* JLink Info: Found SWD-DP with ID 0x2BA01477
* JLink Info: Found Cortex-M4 r0p1, Little endian.
* JLink Info: FPUnit: 6 code (BP) slots and 2 literal slots
* JLink Info: TPIU fitted.
* JLink Info: ETM fitted.
ROMTableAddr = 0xE00FF003
 
Target info:
------------
Device: STM32F407ZG
VTarget = 3.313V
State of Pins: 
TCK: 0, TDI: 1, TDO: 1, TMS: 1, TRES: 1, TRST: 1
Hardware-Breakpoints: 6
Software-Breakpoints: 8192
Watchpoints:          4
JTAG speed: 4000 kHz
 
Erase Done.
Programming Done.
Verify OK.
Application running ...
ARE\HCSR04\hcsr04.h(10): warning:  #1295-D: Deprecated declaration Hcsr04Init - give arg types
  void Hcsr04Init();
..\HARDWARE\HCSR04\hcsr04.h(11): warning:  #1295-D: Deprecated declaration hcsr04_NVIC - give arg types
  void hcsr04_NVIC();
..\HARDWARE\HCSR04\hcsr04.h(16): warning:  #1-D: last line of file ends without a newline
  #endif
..\HARDWARE\TRACE\trace.c(179): warning:  #1035-D: single-precision operand implicitly converted to double-precision
        if(distance<=0.1)
..\HARDWARE\TRACE\trace.c(189): warning:  #68-D: integer conversion resulted in a change of sign
        return XXX;
..\HARDWARE\TRACE\trace.c(239): warning:  #177-D: variable "check13" was declared but never referenced
                                u8 check13;
..\HARDWARE\TRACE\trace.c: 10 warnings, 0 errors
compiling brake.c...
..\HARDWARE\BRAKE\brake.c(12): warning:  #1-D: last line of file ends without a newline
  }
..\HARDWARE\BRAKE\brake.c: 1 warning, 0 errors
compiling rfid.c...
..\HARDWARE\RFID\rfid.h(16): warning:  #1-D: last line of file ends without a newline
  #endif
..\SYSTEM\uart6\uart6.h(16): warning:  #1-D: last line of file ends without a newline
  #endif
..\HARDWARE\RFID\rfid.c: 2 warnings, 0 errors
compiling hcsr04_2.c...
..\HARDWARE\HCSR04_2\hcsr04_2.c(1): warning:  #1-D: last line of file ends without a newline
  #include "hcsr04_2.h"
..\HARDWARE\HCSR04_2\hcsr04_2.c: 1 warning, 0 errors
compiling delay.c...
compiling sys.c...
compiling usart.c...
compiling uart6.c...
..\SYSTEM\uart6\uart6.h(16): warning:  #1-D: last line of file ends without a newline
  #endif
..\SYSTEM\uart6\uart6.c: 1 warning, 0 errors
compiling misc.c...
compiling stm32f4xx_gpio.c...
compiling stm32f4xx_usart.c...
compiling stm32f4xx_tim.c...
compiling stm32f4xx_syscfg.c...
compiling stm32f4xx_rcc.c...
linking...
..\OBJ\PWM.axf: Error: L6200E: Symbol bit multiply defined (by trace.o and main.o).
..\OBJ\PWM.axf: Error: L6200E: Symbol UID multiply defined (by trace.o and main.o).
..\OBJ\PWM.axf: Error: L6200E: Symbol Parallel multiply defined (by trace.o and main.o).
..\OBJ\PWM.axf: Error: L6200E: Symbol Stage1finish multiply defined (by trace.o and main.o).
..\OBJ\PWM.axf: Error: L6200E: Symbol Stage2finish multiply defined (by trace.o and main.o).
..\OBJ\PWM.axf: Error: L6200E: Symbol t_delta multiply defined (by trace.o and main.o).
..\OBJ\PWM.axf: Error: L6200E: Symbol t_in multiply defined (by trace.o and main.o).
..\OBJ\PWM.axf: Error: L6200E: Symbol side multiply defined (by trace.o and main.o).
..\OBJ\PWM.axf: Error: L6200E: Symbol dir multiply defined (by trace.o and main.o).
..\OBJ\PWM.axf: Error: L6200E: Symbol t_pwmval multiply defined (by trace.o and main.o).
..\OBJ\PWM.axf: Error: L6200E: Symbol up_pwmval multiply defined (by trace.o and main.o).
..\OBJ\PWM.axf: Error: L6200E: Symbol dir_pwmval multiply defined (by trace.o and main.o).
..\OBJ\PWM.axf: Error: L6200E: Symbol distance_Data multiply defined (by trace.o and main.o).
..\OBJ\PWM.axf: Error: L6200E: Symbol stop_rot multiply defined (by trace.o and main.o).
..\OBJ\PWM.axf: Error: L6200E: Symbol Rotationcheck multiply defined (by trace.o and main.o).
Not enough information to list image symbols.
Not enough information to list the image map.
Finished: 2 information, 0 warning and 15 error messages.
"..\OBJ\PWM.axf" - 15 Error(s), 34 Warning(s).
Target not created
