<html>
<body>
<pre>
<h1>µVision Build Log</h1>
<h2>Project:</h2>
C:\Users\zhaoyuanxu\Documents\GitHub\New-robogame\USER\PWM.uvproj
Project File Date:  09/24/2018

<h2>Output:</h2>
Build target 'PWM'
compiling main.c...
..\HARDWARE\TIMER\timer.h(16): warning:  #1-D: last line of file ends without a newline
  #endif
..\HARDWARE\HCSR04\hcsr04.h(10): warning:  #1295-D: Deprecated declaration Hcsr04Init - give arg types
  void Hcsr04Init();
..\HARDWARE\HCSR04\hcsr04.h(11): warning:  #1295-D: Deprecated declaration hcsr04_NVIC - give arg types
  void hcsr04_NVIC();
..\HARDWARE\HCSR04\hcsr04.h(17): warning:  #1-D: last line of file ends without a newline
  #endif
..\HARDWARE\GRUB\grub.h(13): warning:  #1295-D: Deprecated declaration grub_init - give arg types
  void grub_init();
..\HARDWARE\GRUB\grub.h(18): warning:  #1-D: last line of file ends without a newline
  #endif
..\HARDWARE\CAPSTAN\capstan.h(13): warning:  #1-D: last line of file ends without a newline
  #endif
..\HARDWARE\RFID\rfid.h(16): warning:  #1-D: last line of file ends without a newline
  #endif
..\SYSTEM\uart6\uart6.h(16): warning:  #1-D: last line of file ends without a newline
  #endif
main.c: 9 warnings, 0 errors
compiling grub.c...
..\HARDWARE\GRUB\grub.h(13): warning:  #1295-D: Deprecated declaration grub_init - give arg types
  void grub_init();
..\HARDWARE\GRUB\grub.h(18): warning:  #1-D: last line of file ends without a newline
  #endif
..\HARDWARE\GRUB\grub.c: 2 warnings, 0 errors
compiling trace.c...
..\HARDWARE\TIMER\timer.h(16): warning:  #1-D: last line of file ends without a newline
  #endif
..\HARDWARE\RFID\rfid.h(16): warning:  #1-D: last line of file ends without a newline
  #endif
..\HARDWARE\GRUB\grub.h(13): warning:  #1295-D: Deprecated declaration grub_init - give arg types
  void grub_init();
..\HARDWARE\GRUB\grub.h(18): warning:  #1-D: last line of file ends without a newline
  #endif
..\HARDWARE\HCSR04\hcsr04.h(10): warning:  #1295-D: Deprecated declaration Hcsr04Init - give arg types
  void Hcsr04Init();
..\HARDWARE\HCSR04\hcsr04.h(11): warning:  #1295-D: Deprecated declaration hcsr04_NVIC - give arg types
  void hcsr04_NVIC();
..\HARDWARE\HCSR04\hcsr04.h(17): warning:  #1-D: last line of file ends without a newline
  #endif
..\HARDWARE\TRACE\trace.c(208): warning:  #1035-D: single-precision operand implicitly converted to double-precision
        if(distance<=0.1)
..\HARDWARE\TRACE\trace.c(218): warning:  #68-D: integer conversion resulted in a change of sign
        return XXX;
..\HARDWARE\TRACE\trace.c(268): warning:  #177-D: variable "check13" was declared but never referenced
                                u8 check13;
..\HARDWARE\TRACE\trace.c: 10 warnings, 0 errors
linking...
Program Size: Code=18754 RO-data=622 RW-data=160 ZI-data=2080  
FromELF: creating hex file...
"..\OBJ\PWM.axf" - 0 Error(s), 21 Warning(s).
</pre>
</body>
</html>
